
> prapr9@0.1.0 build
> next build

Γû▓ Next.js 16.2.3 (Turbopack)
- Environments: .env

  Creating an optimized production build ...
node.exe : 
At line:1 char:1
+ & "C:\Program 
Files\nodejs/node.exe" 
"C:\Program 
Files\nodejs/node_mo ...
+ ~~~~~~~~~~~~~~~~~~~~~~~~~
~~~~~~~~~~~~~~~~~~~~~~~~~~~
~~~~~~~~~~~~~~~~~
    + CategoryInfo         
     : NotSpecified: (:St  
  ring) [], RemoteExcept   
 ion
    + FullyQualifiedErrorI 
   d : NativeCommandError
 
> Build error occurred
Error: Turbopack build 
failed with 1 errors:
./src/components/FeedItem.t
sx:6:1
Module not found: Can't 
resolve 'date-fns'
  [90m4 |[0m 
[36mimport[0m styles 
[36mfrom[0m [32m"./FeedI
tem.module.css"[0m;
  [90m5 |[0m 
[36mimport[0m { useState 
} [36mfrom[0m 
[32m"react"[0m;
[31m[1m>[0m [90m6 
|[0m [36mimport[0m { 
formatDistanceToNow } 
[36mfrom[0m 
[32m"date-fns"[0m;
  [90m  |[0m [31m[1m^^^
^^^^^^^^^^^^^^^^^^^^^^^^^^^
^^^^^^^^^^^^^^^^^[0m
  [90m7 |[0m
  [90m8 |[0m 
[36mtype[0m 
[33mFeedItemProps[0m = {
  [90m9 |[0m   post: {



Import trace:
  Server Component:
    ./src/components/FeedIt
em.tsx
    
./src/app/profile/page.tsx

https://nextjs.org/docs/mes
sages/module-not-found


    at <unknown> (./src/com
ponents/FeedItem.tsx:6:1)
    at <unknown> (https://n
extjs.org/docs/messages/mod
ule-not-found)
